// Jest Snapshot v1, https://goo.gl/fbAQLP

exports[`ListItem should render without crashing 1`] = `
<View
  style={
    [
      {
        "alignItems": "center",
        "backgroundColor": "#f5f5f5",
        "borderColor": "#656565",
        "borderRadius": "5%",
        "borderStyle": "solid",
        "borderWidth": 0.1,
        "flexDirection": "row",
        "height": 80,
        "marginBottom": "5%",
        "marginHorizontal": "10%",
        "paddingBottom": "2%",
        "paddingLeft": "2%",
        "paddingRight": "2%",
        "paddingTop": "2%",
        "shadowColor": "#656565",
        "shadowOpacity": 0.2,
        "shadowRadius": "5%",
      },
      {
        "marginTop": "2%",
        "shadowOffset": {
          "height": 4,
          "width": -2,
        },
      },
    ]
  }
>
  <Image
    source={
      {
        "height": 50,
        "uri": "url",
        "width": 50,
      }
    }
    style={
      [
        {
          "borderRadius": "50%",
          "marginRight": "2%",
        },
      ]
    }
  />
  <Text>
    user
  </Text>
</View>
`;
