// Jest Snapshot v1, https://goo.gl/fbAQLP

exports[`useDebounce is invoked without crashing 1`] = `
{
  "repo": "user-repo",
  "user": "user",
}
`;
