// Jest Snapshot v1, https://goo.gl/fbAQLP

exports[`useStargazers is invoked without crashing - default information 1`] = `
{
  "error": "",
  "loading": false,
  "stargazers": [],
}
`;
