// Jest Snapshot v1, https://goo.gl/fbAQLP

exports[`SkeletonList should render without crashing 1`] = `
[
  <View
    collapsable={false}
    style={
      {
        "backgroundColor": "#f5f5f5",
        "borderRadius": 5,
        "height": 80,
        "marginBottom": "5%",
        "marginHorizontal": "5%",
        "marginTop": "8%",
      }
    }
  >
    <View
      collapsable={false}
      style={
        {
          "backgroundColor": "#ffffff",
          "height": "100%",
          "opacity": 0.5,
          "transform": [
            {
              "translateX": -10,
            },
          ],
          "width": "10%",
        }
      }
    />
  </View>,
  <View
    collapsable={false}
    style={
      {
        "backgroundColor": "#f5f5f5",
        "borderRadius": 5,
        "height": 80,
        "marginBottom": "5%",
        "marginHorizontal": "5%",
      }
    }
  >
    <View
      collapsable={false}
      style={
        {
          "backgroundColor": "#ffffff",
          "height": "100%",
          "opacity": 0.5,
          "transform": [
            {
              "translateX": -10,
            },
          ],
          "width": "10%",
        }
      }
    />
  </View>,
  <View
    collapsable={false}
    style={
      {
        "backgroundColor": "#f5f5f5",
        "borderRadius": 5,
        "height": 80,
        "marginBottom": "5%",
        "marginHorizontal": "5%",
      }
    }
  >
    <View
      collapsable={false}
      style={
        {
          "backgroundColor": "#ffffff",
          "height": "100%",
          "opacity": 0.5,
          "transform": [
            {
              "translateX": -10,
            },
          ],
          "width": "10%",
        }
      }
    />
  </View>,
  <View
    collapsable={false}
    style={
      {
        "backgroundColor": "#f5f5f5",
        "borderRadius": 5,
        "height": 80,
        "marginBottom": "5%",
        "marginHorizontal": "5%",
      }
    }
  >
    <View
      collapsable={false}
      style={
        {
          "backgroundColor": "#ffffff",
          "height": "100%",
          "opacity": 0.5,
          "transform": [
            {
              "translateX": -10,
            },
          ],
          "width": "10%",
        }
      }
    />
  </View>,
  <View
    collapsable={false}
    style={
      {
        "backgroundColor": "#f5f5f5",
        "borderRadius": 5,
        "height": 80,
        "marginBottom": "5%",
        "marginHorizontal": "5%",
      }
    }
  >
    <View
      collapsable={false}
      style={
        {
          "backgroundColor": "#ffffff",
          "height": "100%",
          "opacity": 0.5,
          "transform": [
            {
              "translateX": -10,
            },
          ],
          "width": "10%",
        }
      }
    />
  </View>,
  <View
    collapsable={false}
    style={
      {
        "backgroundColor": "#f5f5f5",
        "borderRadius": 5,
        "height": 80,
        "marginBottom": "5%",
        "marginHorizontal": "5%",
      }
    }
  >
    <View
      collapsable={false}
      style={
        {
          "backgroundColor": "#ffffff",
          "height": "100%",
          "opacity": 0.5,
          "transform": [
            {
              "translateX": -10,
            },
          ],
          "width": "10%",
        }
      }
    />
  </View>,
  <View
    collapsable={false}
    style={
      {
        "backgroundColor": "#f5f5f5",
        "borderRadius": 5,
        "height": 80,
        "marginBottom": "5%",
        "marginHorizontal": "5%",
      }
    }
  >
    <View
      collapsable={false}
      style={
        {
          "backgroundColor": "#ffffff",
          "height": "100%",
          "opacity": 0.5,
          "transform": [
            {
              "translateX": -10,
            },
          ],
          "width": "10%",
        }
      }
    />
  </View>,
]
`;
